[     639ms] [WARNING] cdn.tailwindcss.com should not be used in production. To use Tailwind CSS in production, install it as a PostCSS plugin or use the Tailwind CLI: https://tailwindcss.com/docs/installation @ https://cdn.tailwindcss.com/?plugins=forms,container-queries:63
[     710ms] [ERROR] Failed to load resource: the server responded with a status of 500 (Internal Server Error) @ http://localhost:5000/lib/leaflet/leaflet.7888sfn8yc.css:0
[     711ms] [ERROR] Failed to load resource: the server responded with a status of 500 (Internal Server Error) @ http://localhost:5000/Corvux.tosvjl1jx6.styles.css:0
[     711ms] [ERROR] Failed to load resource: the server responded with a status of 500 (Internal Server Error) @ http://localhost:5000/app.5t3eygaylc.css:0
[     764ms] [ERROR] Failed to load resource: the server responded with a status of 500 (Internal Server Error) @ http://localhost:5000/js/dashboard-charts.hp7eculghr.js:0
[     764ms] [ERROR] Failed to load resource: the server responded with a status of 500 (Internal Server Error) @ http://localhost:5000/js/map-interop.segsioetum.js:0
[     764ms] [ERROR] Failed to load resource: the server responded with a status of 500 (Internal Server Error) @ http://localhost:5000/lib/leaflet/leaflet.v78t325kt9.js:0
[     785ms] [ERROR] Failed to load resource: the server responded with a status of 500 (Internal Server Error) @ http://localhost:5000/favicon.png:0
[     978ms] [ERROR] [2026-03-24T18:39:50.744Z] Error: Microsoft.JSInterop.JSException: Could not find 'corvuxMap.init' ('corvuxMap' was undefined).
Error: Could not find 'corvuxMap.init' ('corvuxMap' was undefined).
    at http://localhost:5000/_framework/blazor.web.js:1:384
    at Array.forEach (<anonymous>)
    at l.findFunction (http://localhost:5000/_framework/blazor.web.js:1:352)
    at _ (http://localhost:5000/_framework/blazor.web.js:1:5101)
    at http://localhost:5000/_framework/blazor.web.js:1:2894
    at new Promise (<anonymous>)
    at w.beginInvokeJSFromDotNet (http://localhost:5000/_framework/blazor.web.js:1:2857)
    at vn._invokeClientMethod (http://localhost:5000/_framework/blazor.web.js:1:65751)
    at vn._processIncomingData (http://localhost:5000/_framework/blazor.web.js:1:63140)
    at Rn.onreceive (http://localhost:5000/_framework/blazor.web.js:1:56781)
   at Microsoft.JSInterop.JSRuntime.InvokeAsync[TValue](Int64 targetInstanceId, String identifier, Object[] args)
   at Microsoft.JSInterop.JSRuntimeExtensions.InvokeVoidAsync(IJSRuntime jsRuntime, String identifier, Object[] args)
   at Corvux.Components.Shared.LeafletMap.OnAfterRenderAsync(Boolean firstRender) in d:\Repositorio\corvux-desafio\Corvux\Components\Shared\LeafletMap.razor:line 28
   at Microsoft.AspNetCore.Components.RenderTree.Renderer.GetErrorHandledTask(Task taskToHandle, ComponentState owningComponentState) @ http://localhost:5000/_framework/blazor.web.js:0
[   93538ms] [ERROR] Failed to load resource: the server responded with a status of 500 (Internal Server Error) @ http://localhost:5000/favicon.png:0
[   93852ms] [ERROR] Failed to load resource: the server responded with a status of 500 (Internal Server Error) @ http://localhost:5000/favicon.png:0
[   94570ms] [ERROR] Failed to load resource: the server responded with a status of 500 (Internal Server Error) @ http://localhost:5000/favicon.png:0
[   95006ms] [ERROR] Failed to load resource: the server responded with a status of 500 (Internal Server Error) @ http://localhost:5000/favicon.png:0
[   96235ms] [WARNING] cdn.tailwindcss.com should not be used in production. To use Tailwind CSS in production, install it as a PostCSS plugin or use the Tailwind CLI: https://tailwindcss.com/docs/installation @ https://cdn.tailwindcss.com/?plugins=forms,container-queries:63
[   96301ms] [ERROR] Failed to load resource: the server responded with a status of 500 (Internal Server Error) @ http://localhost:5000/app.5t3eygaylc.css:0
[   96301ms] [ERROR] Failed to load resource: the server responded with a status of 500 (Internal Server Error) @ http://localhost:5000/Corvux.tosvjl1jx6.styles.css:0
[   96301ms] [ERROR] Failed to load resource: the server responded with a status of 500 (Internal Server Error) @ http://localhost:5000/lib/leaflet/leaflet.7888sfn8yc.css:0
[   96302ms] [ERROR] Failed to load resource: the server responded with a status of 500 (Internal Server Error) @ http://localhost:5000/js/map-interop.segsioetum.js:0
[   96302ms] [ERROR] Failed to load resource: the server responded with a status of 500 (Internal Server Error) @ http://localhost:5000/js/dashboard-charts.hp7eculghr.js:0
[   96302ms] [ERROR] Failed to load resource: the server responded with a status of 500 (Internal Server Error) @ http://localhost:5000/lib/leaflet/leaflet.v78t325kt9.js:0
[   96334ms] [ERROR] Failed to load resource: the server responded with a status of 500 (Internal Server Error) @ http://localhost:5000/favicon.png:0
[  101327ms] [ERROR] Failed to load resource: the server responded with a status of 500 (Internal Server Error) @ http://localhost:5000/favicon.png:0
[  101762ms] [ERROR] Failed to load resource: the server responded with a status of 500 (Internal Server Error) @ http://localhost:5000/favicon.png:0
[  103243ms] [ERROR] Failed to load resource: the server responded with a status of 500 (Internal Server Error) @ http://localhost:5000/favicon.png:0
[  103276ms] [ERROR] [2026-03-24T18:41:33.043Z] Error: Microsoft.JSInterop.JSException: Could not find 'corvuxMap.init' ('corvuxMap' was undefined).
Error: Could not find 'corvuxMap.init' ('corvuxMap' was undefined).
    at http://localhost:5000/_framework/blazor.web.js:1:384
    at Array.forEach (<anonymous>)
    at l.findFunction (http://localhost:5000/_framework/blazor.web.js:1:352)
    at _ (http://localhost:5000/_framework/blazor.web.js:1:5101)
    at http://localhost:5000/_framework/blazor.web.js:1:2894
    at new Promise (<anonymous>)
    at w.beginInvokeJSFromDotNet (http://localhost:5000/_framework/blazor.web.js:1:2857)
    at vn._invokeClientMethod (http://localhost:5000/_framework/blazor.web.js:1:65751)
    at vn._processIncomingData (http://localhost:5000/_framework/blazor.web.js:1:63140)
    at Rn.onreceive (http://localhost:5000/_framework/blazor.web.js:1:56781)
   at Microsoft.JSInterop.JSRuntime.InvokeAsync[TValue](Int64 targetInstanceId, String identifier, Object[] args)
   at Microsoft.JSInterop.JSRuntimeExtensions.InvokeVoidAsync(IJSRuntime jsRuntime, String identifier, Object[] args)
   at Corvux.Components.Shared.LeafletMap.OnAfterRenderAsync(Boolean firstRender) in d:\Repositorio\corvux-desafio\Corvux\Components\Shared\LeafletMap.razor:line 28
   at Microsoft.AspNetCore.Components.RenderTree.Renderer.GetErrorHandledTask(Task taskToHandle, ComponentState owningComponentState) @ http://localhost:5000/_framework/blazor.web.js:0
