[      75ms] [WARNING] cdn.tailwindcss.com should not be used in production. To use Tailwind CSS in production, install it as a PostCSS plugin or use the Tailwind CLI: https://tailwindcss.com/docs/installation @ https://cdn.tailwindcss.com/?plugins=forms,container-queries:63
[    1036ms] [ERROR] WebSocket connection to 'wss://localhost:50536/' failed: Error in connection establishment: net::ERR_CERT_AUTHORITY_INVALID @ http://localhost:5180/_framework/aspnetcore-browser-refresh.js:349
[  770394ms] [WARNING] cdn.tailwindcss.com should not be used in production. To use Tailwind CSS in production, install it as a PostCSS plugin or use the Tailwind CLI: https://tailwindcss.com/docs/installation @ https://cdn.tailwindcss.com/?plugins=forms,container-queries:63
[  771295ms] [ERROR] WebSocket connection to 'wss://localhost:50536/' failed: Error in connection establishment: net::ERR_CERT_AUTHORITY_INVALID @ http://localhost:5180/_framework/aspnetcore-browser-refresh.js:349
[  929463ms] [WARNING] cdn.tailwindcss.com should not be used in production. To use Tailwind CSS in production, install it as a PostCSS plugin or use the Tailwind CLI: https://tailwindcss.com/docs/installation @ https://cdn.tailwindcss.com/?plugins=forms,container-queries:63
[  930351ms] [ERROR] WebSocket connection to 'wss://localhost:50536/' failed: Error in connection establishment: net::ERR_CERT_AUTHORITY_INVALID @ http://localhost:5180/_framework/aspnetcore-browser-refresh.js:349
[  954481ms] [WARNING] cdn.tailwindcss.com should not be used in production. To use Tailwind CSS in production, install it as a PostCSS plugin or use the Tailwind CLI: https://tailwindcss.com/docs/installation @ https://cdn.tailwindcss.com/?plugins=forms,container-queries:63
[  955389ms] [ERROR] WebSocket connection to 'wss://localhost:50536/' failed: Error in connection establishment: net::ERR_CERT_AUTHORITY_INVALID @ http://localhost:5180/_framework/aspnetcore-browser-refresh.js:349
[ 1022624ms] [WARNING] cdn.tailwindcss.com should not be used in production. To use Tailwind CSS in production, install it as a PostCSS plugin or use the Tailwind CLI: https://tailwindcss.com/docs/installation @ https://cdn.tailwindcss.com/?plugins=forms,container-queries:63
[ 1023535ms] [ERROR] WebSocket connection to 'wss://localhost:50536/' failed: Error in connection establishment: net::ERR_CERT_AUTHORITY_INVALID @ http://localhost:5180/_framework/aspnetcore-browser-refresh.js:349
[ 1024856ms] [WARNING] cdn.tailwindcss.com should not be used in production. To use Tailwind CSS in production, install it as a PostCSS plugin or use the Tailwind CLI: https://tailwindcss.com/docs/installation @ https://cdn.tailwindcss.com/?plugins=forms,container-queries:63
[ 1025750ms] [ERROR] WebSocket connection to 'wss://localhost:50536/' failed: Error in connection establishment: net::ERR_CERT_AUTHORITY_INVALID @ http://localhost:5180/_framework/aspnetcore-browser-refresh.js:349
[ 1069323ms] [WARNING] cdn.tailwindcss.com should not be used in production. To use Tailwind CSS in production, install it as a PostCSS plugin or use the Tailwind CLI: https://tailwindcss.com/docs/installation @ https://cdn.tailwindcss.com/?plugins=forms,container-queries:63
[ 1070218ms] [ERROR] WebSocket connection to 'wss://localhost:50536/' failed: Error in connection establishment: net::ERR_CERT_AUTHORITY_INVALID @ http://localhost:5180/_framework/aspnetcore-browser-refresh.js:349
[ 1073689ms] [WARNING] cdn.tailwindcss.com should not be used in production. To use Tailwind CSS in production, install it as a PostCSS plugin or use the Tailwind CLI: https://tailwindcss.com/docs/installation @ https://cdn.tailwindcss.com/?plugins=forms,container-queries:63
[ 1074576ms] [ERROR] WebSocket connection to 'wss://localhost:50536/' failed: Error in connection establishment: net::ERR_CERT_AUTHORITY_INVALID @ http://localhost:5180/_framework/aspnetcore-browser-refresh.js:349
[ 1107786ms] [WARNING] cdn.tailwindcss.com should not be used in production. To use Tailwind CSS in production, install it as a PostCSS plugin or use the Tailwind CLI: https://tailwindcss.com/docs/installation @ https://cdn.tailwindcss.com/?plugins=forms,container-queries:63
[ 1108683ms] [ERROR] WebSocket connection to 'wss://localhost:50536/' failed: Error in connection establishment: net::ERR_CERT_AUTHORITY_INVALID @ http://localhost:5180/_framework/aspnetcore-browser-refresh.js:349
[ 1418147ms] [WARNING] cdn.tailwindcss.com should not be used in production. To use Tailwind CSS in production, install it as a PostCSS plugin or use the Tailwind CLI: https://tailwindcss.com/docs/installation @ https://cdn.tailwindcss.com/?plugins=forms,container-queries:63
[ 1419050ms] [ERROR] WebSocket connection to 'wss://localhost:50536/' failed: Error in connection establishment: net::ERR_CERT_AUTHORITY_INVALID @ http://localhost:5180/_framework/aspnetcore-browser-refresh.js:349
